## LAB09-1. Работа с LVM

1. Откройте коммандную оболочку, найдите подключеные разделы на устройствет **/dev/sdb**, отключите от точек монтирования все разделы на устройстве **/dev/sdb** (возможно у вас используется другой диск, например **sdc**)
```bash
lsblk -f
umount /dev/sdb{1,2}
swapoff /dev/sdb3
```

2. Удалите в **/etc/fstab** строки отвечающие за подключение разделов **sdb1** и **sdb2**

3. Воспользовавшись примерами из **Lab08-2** и справкой утилиты `gdisk`, удалите на **/dev/sdb** разделы **2** и **3**
```bash
GPT fdisk (gdisk) version 1.0.9

Partition table scan:
  MBR: protective
  BSD: not present
  APM: not present
  GPT: present

Found valid GPT with protective MBR; using GPT.

Command (? for help): p
Disk /dev/sdb: 10485760 sectors, 5.0 GiB
Model: Virtual disk
Sector size (logical/physical): 512/512 bytes
Disk identifier (GUID): CDDB5967-DA92-45EE-A0D7-11C78784EBAE
Partition table holds up to 128 entries
Main partition table begins at sector 2 and ends at sector 33
First usable sector is 34, last usable sector is 10485726
Partitions will be aligned on 2048-sector boundaries
Total free space is 1408957 sectors (688.0 MiB)

Number  Start (sector)    End (sector)  Size       Code  Name
   1            2048         2099199   1024.0 MiB  8300  Linux filesystem
   2         2099200         5171199   1.5 GiB     8300  Linux filesystem
   3         5171200         9078783   1.9 GiB     8300  part3

Command (? for help): d
Partition number (1-3): 3

Command (? for help): d
Partition number (1-2): 2
```

4. Воспользовавшись примерами из **Lab08-2** и справкой утилиты `gdisk`, добавьте на **/dev/sdb** дополнительно три раздела объемом **700MiB**, **800MiB** и **2GiB**
```bash
...

Command (? for help): p
Disk /dev/sdb: 10485760 sectors, 5.0 GiB
Model: Virtual disk
Sector size (logical/physical): 512/512 bytes
Disk identifier (GUID): CDDB5967-DA92-45EE-A0D7-11C78784EBAE
Partition table holds up to 128 entries
Main partition table begins at sector 2 and ends at sector 33
First usable sector is 34, last usable sector is 10485726
Partitions will be aligned on 2048-sector boundaries
Total free space is 1122237 sectors (548.0 MiB)

Number  Start (sector)    End (sector)  Size       Code  Name
   1            2048         2099199   1024.0 MiB  8300  Linux filesystem
   2         2099200         3532799   700.0 MiB   8300  Linux filesystem
   3         3532800         5171199   800.0 MiB   8300  Linux filesystem
   4         5171200         9365503   2.0 GiB     8300  Linux filesystem

Command (? for help): w

Final checks complete. About to write GPT data. THIS WILL OVERWRITE EXISTING
PARTITIONS!!

Do you want to proceed? (Y/N): y
OK; writing new GUID partition table (GPT) to /dev/sdb.
The operation has completed successfully.
```

5. Теперь, когда разделы созданы, вам нужно пометить их, как физический том **LVM**. Для этого используйте `pvcreate`.
```bash
sudo pvcreate /dev/sdb{2..4}
```
```bash
[sudo] пароль для student:
WARNING: ext4 signature detected on /dev/sdb2 at offset 1080. Wipe it? [y/n]: y
  Wiping ext4 signature on /dev/sdb2.
WARNING: swap signature detected on /dev/sdb4 at offset 4086. Wipe it? [y/n]: y
  Wiping swap signature on /dev/sdb4.
  Physical volume "/dev/sdb2" successfully created.
  Physical volume "/dev/sdb3" successfully created.
  Physical volume "/dev/sdb4" successfully created.
```
6. Проверьте наличие новых дисков командой `pvs`
```bash
sudo pvs
```
```console
  PV         VG              Fmt  Attr PSize   PFree
  /dev/sda3  fedora          lvm2 a--   18,39g   4,00m
  /dev/sdb2                  lvm2 ---  700,00m 700,00m
  /dev/sdb3                  lvm2 ---  800,00m 800,00m
  /dev/sdb4                  lvm2 ---    2,00g   2,00g
```

7. Cоздайте группу томов с назначенным ей физическим томом **/dev/sdb2**.
```bash
vgcreate vgdata /dev/sdb2
```
```bash
[sudo] пароль для student:
  Volume group "vgdata" successfully created
```
8. Просмотрите доступные группы томов, используйте утилиты `vgs` и `vgdisplay`
```console
  VG              #PV #LV #SN Attr   VSize   VFree
  fedora            1   6   0 wz--n-  18,39g   4,00m
  vgdata            1   0   0 wz--n- 696,00m 696,00m
```
9. Расширьте группу томов **vgdata** за счет томов **sdb3** и **sdb4** воспользуйтесь коммандой `vgextend`
```bash
sudo vgextend vgdata /dev/sdb3 /dev/sdb4
```
```bash
[sudo] пароль для student:
  Volume group "vgdata" successfully extended
```
10. Просмотрите доступные группы томов, используйте утилиты `vgs` и `vgdisplay`

11. Создайте логический том **lvdata1** объемом **500Mb** на группе томов **vgdata**
```bash
sudo lvcreate -n lvdata1 -L 500Mb vgdata
```

12. Создайте логический том **lvdata2** объемом **700Mb** на группе томов **vgdata**

13. Просмотрите список логических томов с помощью комманды `lvs`

14. Просмотрите список блочных устройств с помощью комманды `lsblk`
>***Screenshot:***
>
>Cделайте скриншот экрана c результатом выполнения задания для отправки отчета.

15. Установите файловую систему **xfs** на разделы **lvdata1** и **lvdata2**

```bash
sudo mkfs.xfs /dev/mapper/vgdata-lvdata1 -L LV1
```
```console
[sudo] пароль для student:
meta-data=/dev/mapper/vgdata-lvdata1 isize=512    agcount=4, agsize=32000 blks
         =                       sectsz=512   attr=2, projid32bit=1
         =                       crc=1        finobt=1, sparse=1, rmapbt=0
         =                       reflink=1    bigtime=1 inobtcount=1 nrext64=0
data     =                       bsize=4096   blocks=128000, imaxpct=25
         =                       sunit=0      swidth=0 blks
naming   =version 2              bsize=4096   ascii-ci=0, ftype=1
log      =internal log           bsize=4096   blocks=16384, version=2
         =                       sectsz=512   sunit=0 blks, lazy-count=1
realtime =none                   extsz=4096   blocks=0, rtextents=0
```
```bash
sudo mkfs -t xfs -L LV2 /dev/vgdata/lvdata2
```

```console
meta-data=/dev/vgdata/lvdata2    isize=512    agcount=4, agsize=44800 blks
         =                       sectsz=512   attr=2, projid32bit=1
         =                       crc=1        finobt=1, sparse=1, rmapbt=0
         =                       reflink=1    bigtime=1 inobtcount=1 nrext64=0
data     =                       bsize=4096   blocks=179200, imaxpct=25
         =                       sunit=0      swidth=0 blks
naming   =version 2              bsize=4096   ascii-ci=0, ftype=1
log      =internal log           bsize=4096   blocks=16384, version=2
         =                       sectsz=512   sunit=0 blks, lazy-count=1
realtime =none                   extsz=4096   blocks=0, rtextents=0
```

16.  Создайте два каталога **/mnt/LAB9_lv1** и **/mnt/LAB9_lv2** 
Воспользуйтесь коммандой `mkdir`

17.  Отредактируйте файл **/etc/fstab** чтобы **lvdata1** и **lvdata2** монтировались в **/mnt/LAB9_lv1** и **/mnt/LAB9_lv2** соответственно. (можно использовать **UUID**, **LABEL** или **путь к устройству**)

18.  Просмотрите содержимое **/etc/fstab** 

>***Screenshot:***
>
>Cделайте скриншот экрана c результатом выполнения задания для отправки отчета.

19. Подключите логические тома к точкам монтирования.
20. Проверьте, что тома подключены и доступное свободное место на них
```bash
df -h
```
```console
...
/dev/mapper/vgdata-lvdata1         436M          29M  408M            7% /mnt/lab9_lv1
/dev/mapper/vgdata-lvdata2         636M          37M  600M            6% /mnt/lab9_lv2
```
>***Screenshot:***
>
>Cделайте скриншот экрана c результатом выполнения задания для отправки отчета.

21. Расширьте диск **lvdata1** на **200M** - воспользуйтесь коммандой `lvextend`
```bash
sudo lvextend -L +200M vgdata/lvdata1
  Size of logical volume vgdata/lvdata1 changed from 500,00 MiB (125 extents) to 700,00 MiB (175 extents).
  Logical volume vgdata/lvdata1 successfully resized.
```

22. Проверьте изменился ли объем диска подключеного к **/mnt/LAB9_lv1**
```bash
df -h
```
Почему не изменился размер?

23. Просмотрите документацию по `lvextend`, узнайте какой ключ отвечает за автоматическое расширение файловой системы на расширяемом логическом диске и после этого увеличьте диск **lvdata2** на **300M**
>***Screenshot:***
>
>Cделайте скриншот экрана c результатом выполнения задания для отправки отчета.

24. Расширьте файловую систему на **lvdata1** до полного объема диска **lvdata1** - используйте комманду `xfs_growfs`
```bash
sudo xfs_growfs /dev/mapper/vgdata-lvdata1
```

25.  Проверьте изменился ли объем дисков
```bash
df -h
```
```console
...
/dev/mapper/vgdata-lvdata1         636M          30M  607M            5% /mnt/lab9_lv1
/dev/mapper/vgdata-lvdata2         936M          39M  898M            5% /mnt/lab9_lv2
```

26.  Перенесите данные **lvdata1** и **lvdata2** на раздел **sdb4**, чтобы освободить **sdb2** и **sdb3** - используйте комманду `pvmove`
```bash
sudo pvmove /dev/sdb2
sudo pvmove -n lvdata2
```
```console
  /dev/sdb3: Moved: 0,50%
  /dev/sdb3: Moved: 87,44%
  /dev/sdb3: Moved: 88,44%
  /dev/sdb3: Moved: 100,00%
```

27. Убедитесь, что **sdb2** и **sdb3** свободны от данных - используйте комманду `lsblk`
```console
├─sdb2                     8:18   0   700M  0 part
│ ├─vgdata-lvdata1       253:6    0   700M  0 lvm  /mnt/lab9_lv1
│ └─vgdata-lvdata2       253:7    0  1000M  0 lvm  /mnt/lab9_lv2
├─sdb3                     8:19   0   800M  0 part
└─sdb4                     8:20   0     2G  0 part
  ├─vgdata-lvdata1       253:6    0   700M  0 lvm  /mnt/lab9_lv1
  └─vgdata-lvdata2       253:7    0  1000M  0 lvm  /mnt/lab9_lv2
```


28. Удалите с помощью команды `vgreduce` разделы **sdb2** и **sdb3** из группы **vgdata** и  очиcтите их  от метки **Physical Volume** с помощью команды `pvremove`.
>    Внимание! Если не все разделы освободились, то прийдется повторить задачу **26** для переноса, после того как очистите метку **Physical Volume** на освободившихся разделах.
```bash
sudo vgreduce vgdata /dev/sdb3
sudo pvremove /dev/sdb3
sudo vgreduce vgdata /dev/sdb2
sudo pvremove /dev/sdb2
```

29. Просмотрите сколько у вас используется **Physical Volume** и их объем с помощью комманды `pvs`. При правильно выполненном задании их будет **2**. 
```bash
sudo pvs
```
```console
  PV         VG              Fmt  Attr PSize  PFree
  /dev/sda3  fedora          lvm2 a--  18,39g   4,00m
  /dev/sdb4  vgdata          lvm2 a--  <2,00g 344,00m
```

>***Screenshot:***
>
>Cделайте скриншот экрана c результатом выполнения задания для отправки отчета. 
